[Cum 11.09.2026  0:14:57,43] Bot baslatiliyor... 
✅ 122 komut yüklendi (12 dosya)
🤖 Giriş yapıldı: Emoç#3966 | 1 sunucu
✅ 99 slash komut kaydedildi! (prefix dahil 122 komut aktif) | atlanan: yazitura (prefix-only), zar (prefix-only), askolcer (prefix-only), op (prefix-only), yumruk (prefix-only), espri (prefix-only), tersyazi (prefix-only), tkm (prefix-only), dogruluk (prefix-only), cesaret (prefix-only), hosgeldin-mesaj (prefix-only), 1, -1, emoji-cal (prefix-only), gunluk-gorev (prefix-only), ticket-ekle (prefix-only), ticket-cikar (prefix-only), motivasyon (prefix-only)
[Cum 11.09.2026  0:30:37,75] Bot kapandi! 3sn sonra yeniden baslatiliyor... 
[Cum 11.09.2026  0:30:40,18] Bot baslatiliyor... 
✅ 122 komut yüklendi (12 dosya)
🤖 Giriş yapıldı: Emoç#3966 | 1 sunucu
✅ 98 slash komut kaydedildi! (prefix dahil 122 komut aktif) | atlanan: yazitura (prefix-only), zar (prefix-only), askolcer (prefix-only), op (prefix-only), yumruk (prefix-only), espri (prefix-only), tersyazi (prefix-only), tkm (prefix-only), dogruluk (prefix-only), cesaret (prefix-only), hosgeldin-mesaj (prefix-only), 1, -1, emoji-cal (prefix-only), gunluk-gorev (prefix-only), ticket-ekle (prefix-only), ticket-cikar (prefix-only), motivasyon (prefix-only)
✨ 17 uygulama emojisi hazır
[Cum 11.09.2026  0:40:45,79] Bot kapandi! 3sn sonra yeniden baslatiliyor... 
[Cum 11.09.2026  0:40:48,13] Bot baslatiliyor... 
✅ 122 komut yüklendi (12 dosya)
🤖 Giriş yapıldı: Emoç#3966 | 1 sunucu
✅ 96 slash komut kaydedildi! (prefix dahil 122 komut aktif) | atlanan: yazitura (prefix-only), zar (prefix-only), askolcer (prefix-only), op (prefix-only), yumruk (prefix-only), espri (prefix-only), tersyazi (prefix-only), tkm (prefix-only), dogruluk (prefix-only), cesaret (prefix-only), hosgeldin-mesaj (prefix-only), 1, -1, emoji-cal (prefix-only), gunluk-gorev (prefix-only), ticket-ekle (prefix-only), ticket-cikar (prefix-only), motivasyon (prefix-only)
✨ 17 uygulama emojisi hazır
[Cum 11.09.2026  0:57:59,61] Bot kapandi! 3sn sonra yeniden baslatiliyor... 
[Cum 11.09.2026  0:58:02,18] Bot baslatiliyor... 
✅ 124 komut yüklendi (14 dosya)
🤖 Giriş yapıldı: Emoç#3966 | 1 sunucu
✅ 99 slash komut kaydedildi! (prefix dahil 124 komut aktif) | atlanan: yazitura (prefix-only), zar (prefix-only), askolcer (prefix-only), op (prefix-only), yumruk (prefix-only), espri (prefix-only), tersyazi (prefix-only), tkm (prefix-only), dogruluk (prefix-only), cesaret (prefix-only), hosgeldin-mesaj (prefix-only), 1, -1, emoji-cal (prefix-only), gunluk-gorev (prefix-only), ticket-ekle (prefix-only), ticket-cikar (prefix-only), motivasyon (prefix-only)
✨ 13 uygulama emojisi hazır
[Cum 11.09.2026  0:59:10,25] Bot kapandi! 3sn sonra yeniden baslatiliyor... 
[Cum 11.09.2026  0:59:13,14] Bot baslatiliyor... 
✅ 124 komut yüklendi (14 dosya)
🤖 Giriş yapıldı: Emoç#3966 | 1 sunucu
✅ 99 slash komut kaydedildi! (prefix dahil 124 komut aktif) | atlanan: yazitura (prefix-only), zar (prefix-only), askolcer (prefix-only), op (prefix-only), yumruk (prefix-only), espri (prefix-only), tersyazi (prefix-only), tkm (prefix-only), dogruluk (prefix-only), cesaret (prefix-only), hosgeldin-mesaj (prefix-only), 1, -1, emoji-cal (prefix-only), gunluk-gorev (prefix-only), ticket-ekle (prefix-only), ticket-cikar (prefix-only), motivasyon (prefix-only)
✨ 20 uygulama emojisi hazır
(node:19464) Warning: Supplying "ephemeral" for interaction response options is deprecated. Utilize flags instead.
(Use `node --trace-warnings ...` to show where the warning was created)
(node:19464) Warning: Passing "color" to RoleManager#create() is deprecated. Use "colors" instead.
[Cum 11.09.2026  1:10:29,99] Bot kapandi! 3sn sonra yeniden baslatiliyor... 
[Cum 11.09.2026  1:10:33,12] Bot baslatiliyor... 
✅ 124 komut yüklendi (14 dosya)
🤖 Giriş yapıldı: Emoç#3966 | 1 sunucu
✅ 99 slash komut kaydedildi! (prefix dahil 124 komut aktif) | atlanan: yazitura (prefix-only), zar (prefix-only), askolcer (prefix-only), op (prefix-only), yumruk (prefix-only), espri (prefix-only), tersyazi (prefix-only), tkm (prefix-only), dogruluk (prefix-only), cesaret (prefix-only), hosgeldin-mesaj (prefix-only), 1, -1, emoji-cal (prefix-only), gunluk-gorev (prefix-only), ticket-ekle (prefix-only), ticket-cikar (prefix-only), motivasyon (prefix-only)
✨ 20 uygulama emojisi hazır
(node:19788) Warning: Supplying "ephemeral" for interaction response options is deprecated. Utilize flags instead.
(Use `node --trace-warnings ...` to show where the warning was created)
(node:19788) Warning: Passing "color" to RoleManager#create() is deprecated. Use "colors" instead.
[Cum 11.09.2026  1:20:49,03] Bot kapandi! 3sn sonra yeniden baslatiliyor... 
[Cum 11.09.2026  1:20:52,14] Bot baslatiliyor... 
✅ 126 komut yüklendi (14 dosya)
🤖 Giriş yapıldı: Emoç#3966 | 1 sunucu
✅ 99 slash komut kaydedildi! (prefix dahil 126 komut aktif) | atlanan: yazitura (prefix-only), zar (prefix-only), askolcer (prefix-only), op (prefix-only), yumruk (prefix-only), espri (prefix-only), tersyazi (prefix-only), tkm (prefix-only), dogruluk (prefix-only), cesaret (prefix-only), hosgeldin-mesaj (prefix-only), 1, -1, emoji-cal (prefix-only), itiraf-ayarla (prefix-only), vitrin-ekle (prefix-only), gunluk-gorev (prefix-only), ticket-ekle (prefix-only), ticket-cikar (prefix-only), motivasyon (prefix-only)
✨ 20 uygulama emojisi hazır
[Cum 11.09.2026  1:24:17,69] Bot kapandi! 3sn sonra yeniden baslatiliyor... 
[Cum 11.09.2026  1:24:20,16] Bot baslatiliyor... 
✅ 127 komut yüklendi (14 dosya)
🤖 Giriş yapıldı: Emoç#3966 | 1 sunucu
✅ 99 slash komut kaydedildi! (prefix dahil 127 komut aktif) | atlanan: yazitura (prefix-only), zar (prefix-only), askolcer (prefix-only), op (prefix-only), yumruk (prefix-only), espri (prefix-only), tersyazi (prefix-only), tkm (prefix-only), dogruluk (prefix-only), cesaret (prefix-only), hosgeldin-mesaj (prefix-only), 1, -1, emoji-cal (prefix-only), kanal-bilgi (prefix-only), itiraf-ayarla (prefix-only), vitrin-ekle (prefix-only), gunluk-gorev (prefix-only), ticket-ekle (prefix-only), ticket-cikar (prefix-only), motivasyon (prefix-only)
✨ 20 uygulama emojisi hazır
